C:\Users\ASUS\Desktop\code\Python\RECOMB-27\recomb2027\.venv\Lib\site-packages\docrep\decorators.py:43: SyntaxWarning: 'n_jobs' is not a valid key!
  doc = func(self, args[0].__doc__, *args[1:], **kwargs)
C:\Users\ASUS\Desktop\code\Python\RECOMB-27\recomb2027\.venv\Lib\site-packages\docrep\decorators.py:43: SyntaxWarning: 'show_progress_bar' is not a valid key!
  doc = func(self, args[0].__doc__, *args[1:], **kwargs)

=== 151673 (SELECTION) ===
C:\Users\ASUS\Desktop\code\Python\RECOMB-27\recomb2027\src\data\preprocess.py:68: FutureWarning: Calling `spatial_neighbors` is deprecated and will be removed in squidpy v1.9.0. Use `spatial_neighbors_knn`, `spatial_neighbors_radius`, `spatial_neighbors_delaunay`, `spatial_neighbors_grid`, or `spatial_neighbors_from_builder` instead.
  sq.gr.spatial_neighbors(adata, n_rings=1, coord_type="grid", n_neighs=n_neighs)
INFO     Creating graph using `None` transform and `1` libraries.              
C:\Users\ASUS\Desktop\code\Python\RECOMB-27\recomb2027\src\models\memory_layer.py:245: UserWarning: Sparse invariant checks are implicitly disabled. Memory errors (e.g. SEGFAULT) will occur when operating on a sparse tensor which violates the invariants, but checks incur performance overhead. To silence this warning, explicitly opt in or out. See `torch.sparse.check_sparse_tensor_invariants.__doc__` for guidance.  (Triggered internally at C:\actions-runner\_work\pytorch\pytorch\pytorch\aten\src\ATen\Context.cpp:767.)
  sparse = torch.sparse_coo_tensor(indices, values, result.shape).coalesce()
  151673 n_hops=1: overall=0.5569+/-0.0343  boundary=0.4077  interior=0.7718
  151673 n_hops=2: overall=0.5562+/-0.0614  boundary=0.4283  interior=0.7359
  151673 n_hops=3: overall=0.5872+/-0.0691  boundary=0.4124  interior=0.8167
  151673 n_hops=4: overall=0.5288+/-0.0535  boundary=0.4181  interior=0.7111
  151673 n_hops=5: overall=0.5847+/-0.0198  boundary=0.4321  interior=0.8126
  151673 n_hops=6: overall=0.5634+/-0.0560  boundary=0.4256  interior=0.7760

=== 151674 (held-out) ===
C:\Users\ASUS\Desktop\code\Python\RECOMB-27\recomb2027\src\data\preprocess.py:68: FutureWarning: Calling `spatial_neighbors` is deprecated and will be removed in squidpy v1.9.0. Use `spatial_neighbors_knn`, `spatial_neighbors_radius`, `spatial_neighbors_delaunay`, `spatial_neighbors_grid`, or `spatial_neighbors_from_builder` instead.
  sq.gr.spatial_neighbors(adata, n_rings=1, coord_type="grid", n_neighs=n_neighs)
INFO     Creating graph using `None` transform and `1` libraries.              
  151674 n_hops=1: overall=0.4905+/-0.0509  boundary=0.3779  interior=0.6590
  151674 n_hops=2: overall=0.4843+/-0.0329  boundary=0.3861  interior=0.6322
  151674 n_hops=3: overall=0.5001+/-0.0403  boundary=0.3695  interior=0.6820
  151674 n_hops=4: overall=0.4679+/-0.0398  boundary=0.3491  interior=0.6411
  151674 n_hops=5: overall=0.5220+/-0.0612  boundary=0.3811  interior=0.7204
  151674 n_hops=6: overall=0.4364+/-0.0487  boundary=0.3319  interior=0.6046

=== 151675 (held-out) ===
C:\Users\ASUS\Desktop\code\Python\RECOMB-27\recomb2027\src\data\preprocess.py:68: FutureWarning: Calling `spatial_neighbors` is deprecated and will be removed in squidpy v1.9.0. Use `spatial_neighbors_knn`, `spatial_neighbors_radius`, `spatial_neighbors_delaunay`, `spatial_neighbors_grid`, or `spatial_neighbors_from_builder` instead.
  sq.gr.spatial_neighbors(adata, n_rings=1, coord_type="grid", n_neighs=n_neighs)
INFO     Creating graph using `None` transform and `1` libraries.              
  151675 n_hops=1: overall=0.4330+/-0.0420  boundary=0.3193  interior=0.5955
  151675 n_hops=2: overall=0.4459+/-0.0512  boundary=0.3117  interior=0.6414
  151675 n_hops=3: overall=0.4539+/-0.0627  boundary=0.3232  interior=0.6528
  151675 n_hops=4: overall=0.4688+/-0.0534  boundary=0.3226  interior=0.6748
  151675 n_hops=5: overall=0.4175+/-0.0238  boundary=0.2890  interior=0.5922
  151675 n_hops=6: overall=0.4669+/-0.0872  boundary=0.3213  interior=0.6678

=== 151676 (held-out) ===
C:\Users\ASUS\Desktop\code\Python\RECOMB-27\recomb2027\src\data\preprocess.py:68: FutureWarning: Calling `spatial_neighbors` is deprecated and will be removed in squidpy v1.9.0. Use `spatial_neighbors_knn`, `spatial_neighbors_radius`, `spatial_neighbors_delaunay`, `spatial_neighbors_grid`, or `spatial_neighbors_from_builder` instead.
  sq.gr.spatial_neighbors(adata, n_rings=1, coord_type="grid", n_neighs=n_neighs)
INFO     Creating graph using `None` transform and `1` libraries.              
  151676 n_hops=1: overall=0.4674+/-0.0331  boundary=0.3648  interior=0.6384
  151676 n_hops=2: overall=0.4824+/-0.0320  boundary=0.3846  interior=0.6381
  151676 n_hops=3: overall=0.4851+/-0.0328  boundary=0.3617  interior=0.6642
  151676 n_hops=4: overall=0.4914+/-0.0484  boundary=0.3659  interior=0.6835
  151676 n_hops=5: overall=0.4545+/-0.0335  boundary=0.3337  interior=0.6498
  151676 n_hops=6: overall=0.4625+/-0.0780  boundary=0.3367  interior=0.6719

=== selection on 151673 ===
  n_hops=1: 0.5569
  n_hops=2: 0.5562
  n_hops=3: 0.5872   <-- selected
  n_hops=4: 0.5288
  n_hops=5: 0.5847
  n_hops=6: 0.5634

=== held-out (151674, 151675, 151676) ===
metric         global n_hops=4     selected n_hops=3     delta
overall                 0.4760                0.4797    0.0037
boundary                0.3458                0.3515    0.0056
interior                0.6665                0.6663   -0.0002

MECHANISTIC TEST: boundary delta (+0.0056) vs interior delta (-0.0002)
SUPPORTED: fewer hops helps boundary spots more than interior spots, consistent with over-smoothing at layer boundaries.

Saved C:\Users\ASUS\Desktop\code\Python\RECOMB-27\recomb2027\outputs\logs\hop_sweep_subject3.json
