C:\Users\ASUS\Desktop\code\Python\RECOMB-27\recomb2027\.venv\Lib\site-packages\docrep\decorators.py:43: SyntaxWarning: 'n_jobs' is not a valid key!
  doc = func(self, args[0].__doc__, *args[1:], **kwargs)
C:\Users\ASUS\Desktop\code\Python\RECOMB-27\recomb2027\.venv\Lib\site-packages\docrep\decorators.py:43: SyntaxWarning: 'show_progress_bar' is not a valid key!
  doc = func(self, args[0].__doc__, *args[1:], **kwargs)
C:\Users\ASUS\Desktop\code\Python\RECOMB-27\recomb2027\src\data\preprocess.py:68: FutureWarning: Calling `spatial_neighbors` is deprecated and will be removed in squidpy v1.9.0. Use `spatial_neighbors_knn`, `spatial_neighbors_radius`, `spatial_neighbors_delaunay`, `spatial_neighbors_grid`, or `spatial_neighbors_from_builder` instead.
  sq.gr.spatial_neighbors(adata, n_rings=1, coord_type="grid", n_neighs=n_neighs)
INFO     Creating graph using `None` transform and `1` libraries.              
C:\Users\ASUS\Desktop\code\Python\RECOMB-27\recomb2027\src\models\memory_layer.py:245: UserWarning: Sparse invariant checks are implicitly disabled. Memory errors (e.g. SEGFAULT) will occur when operating on a sparse tensor which violates the invariants, but checks incur performance overhead. To silence this warning, explicitly opt in or out. See `torch.sparse.check_sparse_tensor_invariants.__doc__` for guidance.  (Triggered internally at C:\actions-runner\_work\pytorch\pytorch\pytorch\aten\src\ATen\Context.cpp:767.)
  sparse = torch.sparse_coo_tensor(indices, values, result.shape).coalesce()
151507 (subject1): mean_disagreement=1.0843  mean_error=0.3118  ari=0.5154  per_spot_corr=-0.0654
C:\Users\ASUS\Desktop\code\Python\RECOMB-27\recomb2027\src\data\preprocess.py:68: FutureWarning: Calling `spatial_neighbors` is deprecated and will be removed in squidpy v1.9.0. Use `spatial_neighbors_knn`, `spatial_neighbors_radius`, `spatial_neighbors_delaunay`, `spatial_neighbors_grid`, or `spatial_neighbors_from_builder` instead.
  sq.gr.spatial_neighbors(adata, n_rings=1, coord_type="grid", n_neighs=n_neighs)
INFO     Creating graph using `None` transform and `1` libraries.              
151508 (subject1): mean_disagreement=1.0257  mean_error=0.2648  ari=0.5843  per_spot_corr=-0.0623
C:\Users\ASUS\Desktop\code\Python\RECOMB-27\recomb2027\src\data\preprocess.py:68: FutureWarning: Calling `spatial_neighbors` is deprecated and will be removed in squidpy v1.9.0. Use `spatial_neighbors_knn`, `spatial_neighbors_radius`, `spatial_neighbors_delaunay`, `spatial_neighbors_grid`, or `spatial_neighbors_from_builder` instead.
  sq.gr.spatial_neighbors(adata, n_rings=1, coord_type="grid", n_neighs=n_neighs)
INFO     Creating graph using `None` transform and `1` libraries.              
151509 (subject1): mean_disagreement=1.1809  mean_error=0.2335  ari=0.5952  per_spot_corr=-0.0617
C:\Users\ASUS\Desktop\code\Python\RECOMB-27\recomb2027\src\data\preprocess.py:68: FutureWarning: Calling `spatial_neighbors` is deprecated and will be removed in squidpy v1.9.0. Use `spatial_neighbors_knn`, `spatial_neighbors_radius`, `spatial_neighbors_delaunay`, `spatial_neighbors_grid`, or `spatial_neighbors_from_builder` instead.
  sq.gr.spatial_neighbors(adata, n_rings=1, coord_type="grid", n_neighs=n_neighs)
INFO     Creating graph using `None` transform and `1` libraries.              
151510 (subject1): mean_disagreement=1.1837  mean_error=0.2581  ari=0.4539  per_spot_corr=-0.1436
C:\Users\ASUS\Desktop\code\Python\RECOMB-27\recomb2027\src\data\preprocess.py:68: FutureWarning: Calling `spatial_neighbors` is deprecated and will be removed in squidpy v1.9.0. Use `spatial_neighbors_knn`, `spatial_neighbors_radius`, `spatial_neighbors_delaunay`, `spatial_neighbors_grid`, or `spatial_neighbors_from_builder` instead.
  sq.gr.spatial_neighbors(adata, n_rings=1, coord_type="grid", n_neighs=n_neighs)
INFO     Creating graph using `None` transform and `1` libraries.              
151669 (subject2): mean_disagreement=1.2171  mean_error=0.1496  ari=0.6915  per_spot_corr=-0.0172
C:\Users\ASUS\Desktop\code\Python\RECOMB-27\recomb2027\src\data\preprocess.py:68: FutureWarning: Calling `spatial_neighbors` is deprecated and will be removed in squidpy v1.9.0. Use `spatial_neighbors_knn`, `spatial_neighbors_radius`, `spatial_neighbors_delaunay`, `spatial_neighbors_grid`, or `spatial_neighbors_from_builder` instead.
  sq.gr.spatial_neighbors(adata, n_rings=1, coord_type="grid", n_neighs=n_neighs)
INFO     Creating graph using `None` transform and `1` libraries.              
151670 (subject2): mean_disagreement=1.1748  mean_error=0.2058  ari=0.5413  per_spot_corr=0.0724
C:\Users\ASUS\Desktop\code\Python\RECOMB-27\recomb2027\src\data\preprocess.py:68: FutureWarning: Calling `spatial_neighbors` is deprecated and will be removed in squidpy v1.9.0. Use `spatial_neighbors_knn`, `spatial_neighbors_radius`, `spatial_neighbors_delaunay`, `spatial_neighbors_grid`, or `spatial_neighbors_from_builder` instead.
  sq.gr.spatial_neighbors(adata, n_rings=1, coord_type="grid", n_neighs=n_neighs)
INFO     Creating graph using `None` transform and `1` libraries.              
151671 (subject2): mean_disagreement=1.0892  mean_error=0.1016  ari=0.6114  per_spot_corr=0.0275
C:\Users\ASUS\Desktop\code\Python\RECOMB-27\recomb2027\src\data\preprocess.py:68: FutureWarning: Calling `spatial_neighbors` is deprecated and will be removed in squidpy v1.9.0. Use `spatial_neighbors_knn`, `spatial_neighbors_radius`, `spatial_neighbors_delaunay`, `spatial_neighbors_grid`, or `spatial_neighbors_from_builder` instead.
  sq.gr.spatial_neighbors(adata, n_rings=1, coord_type="grid", n_neighs=n_neighs)
INFO     Creating graph using `None` transform and `1` libraries.              
151672 (subject2): mean_disagreement=1.0789  mean_error=0.1996  ari=0.7279  per_spot_corr=-0.0196
C:\Users\ASUS\Desktop\code\Python\RECOMB-27\recomb2027\src\data\preprocess.py:68: FutureWarning: Calling `spatial_neighbors` is deprecated and will be removed in squidpy v1.9.0. Use `spatial_neighbors_knn`, `spatial_neighbors_radius`, `spatial_neighbors_delaunay`, `spatial_neighbors_grid`, or `spatial_neighbors_from_builder` instead.
  sq.gr.spatial_neighbors(adata, n_rings=1, coord_type="grid", n_neighs=n_neighs)
INFO     Creating graph using `None` transform and `1` libraries.              
151673 (subject3): mean_disagreement=1.0739  mean_error=0.3165  ari=0.5150  per_spot_corr=0.0073
C:\Users\ASUS\Desktop\code\Python\RECOMB-27\recomb2027\src\data\preprocess.py:68: FutureWarning: Calling `spatial_neighbors` is deprecated and will be removed in squidpy v1.9.0. Use `spatial_neighbors_knn`, `spatial_neighbors_radius`, `spatial_neighbors_delaunay`, `spatial_neighbors_grid`, or `spatial_neighbors_from_builder` instead.
  sq.gr.spatial_neighbors(adata, n_rings=1, coord_type="grid", n_neighs=n_neighs)
INFO     Creating graph using `None` transform and `1` libraries.              
151674 (subject3): mean_disagreement=1.0648  mean_error=0.3048  ari=0.4852  per_spot_corr=-0.0959
C:\Users\ASUS\Desktop\code\Python\RECOMB-27\recomb2027\src\data\preprocess.py:68: FutureWarning: Calling `spatial_neighbors` is deprecated and will be removed in squidpy v1.9.0. Use `spatial_neighbors_knn`, `spatial_neighbors_radius`, `spatial_neighbors_delaunay`, `spatial_neighbors_grid`, or `spatial_neighbors_from_builder` instead.
  sq.gr.spatial_neighbors(adata, n_rings=1, coord_type="grid", n_neighs=n_neighs)
INFO     Creating graph using `None` transform and `1` libraries.              
151675 (subject3): mean_disagreement=1.0952  mean_error=0.2891  ari=0.4872  per_spot_corr=-0.0513
C:\Users\ASUS\Desktop\code\Python\RECOMB-27\recomb2027\src\data\preprocess.py:68: FutureWarning: Calling `spatial_neighbors` is deprecated and will be removed in squidpy v1.9.0. Use `spatial_neighbors_knn`, `spatial_neighbors_radius`, `spatial_neighbors_delaunay`, `spatial_neighbors_grid`, or `spatial_neighbors_from_builder` instead.
  sq.gr.spatial_neighbors(adata, n_rings=1, coord_type="grid", n_neighs=n_neighs)
INFO     Creating graph using `None` transform and `1` libraries.              
151676 (subject3): mean_disagreement=1.1020  mean_error=0.3215  ari=0.4619  per_spot_corr=0.0025

=== per-subject summary ===
subject      mean_disagreement    mean_error  mean_ari
subject1                1.1186        0.2670    0.5372
subject2                1.1400        0.1642    0.6430
subject3                1.0840        0.3080    0.4873

Saved C:\Users\ASUS\Desktop\code\Python\RECOMB-27\recomb2027\outputs\logs\image_diagnostic_results.json
Saved outputs/figures/image_diagnostic_scatter.png
