C:\Users\ASUS\Desktop\code\Python\RECOMB-27\recomb2027\.venv\Lib\site-packages\docrep\decorators.py:43: SyntaxWarning: 'n_jobs' is not a valid key!
  doc = func(self, args[0].__doc__, *args[1:], **kwargs)
C:\Users\ASUS\Desktop\code\Python\RECOMB-27\recomb2027\.venv\Lib\site-packages\docrep\decorators.py:43: SyntaxWarning: 'show_progress_bar' is not a valid key!
  doc = func(self, args[0].__doc__, *args[1:], **kwargs)
Master Rerun — using device: cuda


========== ldcm / DLPFC ==========
C:\Users\ASUS\Desktop\code\Python\RECOMB-27\recomb2027\src\data\preprocess.py:82: FutureWarning: Calling `spatial_neighbors` is deprecated and will be removed in squidpy v1.9.0. Use `spatial_neighbors_knn`, `spatial_neighbors_radius`, `spatial_neighbors_delaunay`, `spatial_neighbors_grid`, or `spatial_neighbors_from_builder` instead.
  sq.gr.spatial_neighbors(adata, n_rings=1, coord_type="grid", n_neighs=n_neighs)
INFO     Creating graph using `None` transform and `1` libraries.              
C:\Users\ASUS\Desktop\code\Python\RECOMB-27\recomb2027\src\models\memory_layer.py:245: UserWarning: Sparse invariant checks are implicitly disabled. Memory errors (e.g. SEGFAULT) will occur when operating on a sparse tensor which violates the invariants, but checks incur performance overhead. To silence this warning, explicitly opt in or out. See `torch.sparse.check_sparse_tensor_invariants.__doc__` for guidance.  (Triggered internally at C:\actions-runner\_work\pytorch\pytorch\pytorch\aten\src\ATen\Context.cpp:767.)
  sparse = torch.sparse_coo_tensor(indices, values, result.shape).coalesce()
C:\Users\ASUS\Desktop\code\Python\RECOMB-27\recomb2027\src\data\preprocess.py:82: FutureWarning: Calling `spatial_neighbors` is deprecated and will be removed in squidpy v1.9.0. Use `spatial_neighbors_knn`, `spatial_neighbors_radius`, `spatial_neighbors_delaunay`, `spatial_neighbors_grid`, or `spatial_neighbors_from_builder` instead.
  sq.gr.spatial_neighbors(adata, n_rings=1, coord_type="grid", n_neighs=n_neighs)
INFO     Creating graph using `None` transform and `1` libraries.              
C:\Users\ASUS\Desktop\code\Python\RECOMB-27\recomb2027\src\data\preprocess.py:82: FutureWarning: Calling `spatial_neighbors` is deprecated and will be removed in squidpy v1.9.0. Use `spatial_neighbors_knn`, `spatial_neighbors_radius`, `spatial_neighbors_delaunay`, `spatial_neighbors_grid`, or `spatial_neighbors_from_builder` instead.
  sq.gr.spatial_neighbors(adata, n_rings=1, coord_type="grid", n_neighs=n_neighs)
INFO     Creating graph using `None` transform and `1` libraries.              
C:\Users\ASUS\Desktop\code\Python\RECOMB-27\recomb2027\src\data\preprocess.py:82: FutureWarning: Calling `spatial_neighbors` is deprecated and will be removed in squidpy v1.9.0. Use `spatial_neighbors_knn`, `spatial_neighbors_radius`, `spatial_neighbors_delaunay`, `spatial_neighbors_grid`, or `spatial_neighbors_from_builder` instead.
  sq.gr.spatial_neighbors(adata, n_rings=1, coord_type="grid", n_neighs=n_neighs)
INFO     Creating graph using `None` transform and `1` libraries.              
C:\Users\ASUS\Desktop\code\Python\RECOMB-27\recomb2027\src\data\preprocess.py:82: FutureWarning: Calling `spatial_neighbors` is deprecated and will be removed in squidpy v1.9.0. Use `spatial_neighbors_knn`, `spatial_neighbors_radius`, `spatial_neighbors_delaunay`, `spatial_neighbors_grid`, or `spatial_neighbors_from_builder` instead.
  sq.gr.spatial_neighbors(adata, n_rings=1, coord_type="grid", n_neighs=n_neighs)
INFO     Creating graph using `None` transform and `1` libraries.              
C:\Users\ASUS\Desktop\code\Python\RECOMB-27\recomb2027\src\data\preprocess.py:82: FutureWarning: Calling `spatial_neighbors` is deprecated and will be removed in squidpy v1.9.0. Use `spatial_neighbors_knn`, `spatial_neighbors_radius`, `spatial_neighbors_delaunay`, `spatial_neighbors_grid`, or `spatial_neighbors_from_builder` instead.
  sq.gr.spatial_neighbors(adata, n_rings=1, coord_type="grid", n_neighs=n_neighs)
INFO     Creating graph using `None` transform and `1` libraries.              
C:\Users\ASUS\Desktop\code\Python\RECOMB-27\recomb2027\src\data\preprocess.py:82: FutureWarning: Calling `spatial_neighbors` is deprecated and will be removed in squidpy v1.9.0. Use `spatial_neighbors_knn`, `spatial_neighbors_radius`, `spatial_neighbors_delaunay`, `spatial_neighbors_grid`, or `spatial_neighbors_from_builder` instead.
  sq.gr.spatial_neighbors(adata, n_rings=1, coord_type="grid", n_neighs=n_neighs)
INFO     Creating graph using `None` transform and `1` libraries.              
C:\Users\ASUS\Desktop\code\Python\RECOMB-27\recomb2027\src\data\preprocess.py:82: FutureWarning: Calling `spatial_neighbors` is deprecated and will be removed in squidpy v1.9.0. Use `spatial_neighbors_knn`, `spatial_neighbors_radius`, `spatial_neighbors_delaunay`, `spatial_neighbors_grid`, or `spatial_neighbors_from_builder` instead.
  sq.gr.spatial_neighbors(adata, n_rings=1, coord_type="grid", n_neighs=n_neighs)
INFO     Creating graph using `None` transform and `1` libraries.              
C:\Users\ASUS\Desktop\code\Python\RECOMB-27\recomb2027\src\data\preprocess.py:82: FutureWarning: Calling `spatial_neighbors` is deprecated and will be removed in squidpy v1.9.0. Use `spatial_neighbors_knn`, `spatial_neighbors_radius`, `spatial_neighbors_delaunay`, `spatial_neighbors_grid`, or `spatial_neighbors_from_builder` instead.
  sq.gr.spatial_neighbors(adata, n_rings=1, coord_type="grid", n_neighs=n_neighs)
INFO     Creating graph using `None` transform and `1` libraries.              
C:\Users\ASUS\Desktop\code\Python\RECOMB-27\recomb2027\src\data\preprocess.py:82: FutureWarning: Calling `spatial_neighbors` is deprecated and will be removed in squidpy v1.9.0. Use `spatial_neighbors_knn`, `spatial_neighbors_radius`, `spatial_neighbors_delaunay`, `spatial_neighbors_grid`, or `spatial_neighbors_from_builder` instead.
  sq.gr.spatial_neighbors(adata, n_rings=1, coord_type="grid", n_neighs=n_neighs)
INFO     Creating graph using `None` transform and `1` libraries.              
C:\Users\ASUS\Desktop\code\Python\RECOMB-27\recomb2027\src\data\preprocess.py:82: FutureWarning: Calling `spatial_neighbors` is deprecated and will be removed in squidpy v1.9.0. Use `spatial_neighbors_knn`, `spatial_neighbors_radius`, `spatial_neighbors_delaunay`, `spatial_neighbors_grid`, or `spatial_neighbors_from_builder` instead.
  sq.gr.spatial_neighbors(adata, n_rings=1, coord_type="grid", n_neighs=n_neighs)
INFO     Creating graph using `None` transform and `1` libraries.              
C:\Users\ASUS\Desktop\code\Python\RECOMB-27\recomb2027\src\data\preprocess.py:82: FutureWarning: Calling `spatial_neighbors` is deprecated and will be removed in squidpy v1.9.0. Use `spatial_neighbors_knn`, `spatial_neighbors_radius`, `spatial_neighbors_delaunay`, `spatial_neighbors_grid`, or `spatial_neighbors_from_builder` instead.
  sq.gr.spatial_neighbors(adata, n_rings=1, coord_type="grid", n_neighs=n_neighs)
INFO     Creating graph using `None` transform and `1` libraries.              
C:\Users\ASUS\Desktop\code\Python\RECOMB-27\recomb2027\src\data\preprocess.py:82: FutureWarning: Calling `spatial_neighbors` is deprecated and will be removed in squidpy v1.9.0. Use `spatial_neighbors_knn`, `spatial_neighbors_radius`, `spatial_neighbors_delaunay`, `spatial_neighbors_grid`, or `spatial_neighbors_from_builder` instead.
  sq.gr.spatial_neighbors(adata, n_rings=1, coord_type="grid", n_neighs=n_neighs)
INFO     Creating graph using `None` transform and `1` libraries.              
C:\Users\ASUS\Desktop\code\Python\RECOMB-27\recomb2027\src\data\preprocess.py:82: FutureWarning: Calling `spatial_neighbors` is deprecated and will be removed in squidpy v1.9.0. Use `spatial_neighbors_knn`, `spatial_neighbors_radius`, `spatial_neighbors_delaunay`, `spatial_neighbors_grid`, or `spatial_neighbors_from_builder` instead.
  sq.gr.spatial_neighbors(adata, n_rings=1, coord_type="grid", n_neighs=n_neighs)
INFO     Creating graph using `None` transform and `1` libraries.              
C:\Users\ASUS\Desktop\code\Python\RECOMB-27\recomb2027\src\data\preprocess.py:82: FutureWarning: Calling `spatial_neighbors` is deprecated and will be removed in squidpy v1.9.0. Use `spatial_neighbors_knn`, `spatial_neighbors_radius`, `spatial_neighbors_delaunay`, `spatial_neighbors_grid`, or `spatial_neighbors_from_builder` instead.
  sq.gr.spatial_neighbors(adata, n_rings=1, coord_type="grid", n_neighs=n_neighs)
INFO     Creating graph using `None` transform and `1` libraries.              
C:\Users\ASUS\Desktop\code\Python\RECOMB-27\recomb2027\src\data\preprocess.py:82: FutureWarning: Calling `spatial_neighbors` is deprecated and will be removed in squidpy v1.9.0. Use `spatial_neighbors_knn`, `spatial_neighbors_radius`, `spatial_neighbors_delaunay`, `spatial_neighbors_grid`, or `spatial_neighbors_from_builder` instead.
  sq.gr.spatial_neighbors(adata, n_rings=1, coord_type="grid", n_neighs=n_neighs)
INFO     Creating graph using `None` transform and `1` libraries.              
C:\Users\ASUS\Desktop\code\Python\RECOMB-27\recomb2027\src\data\preprocess.py:82: FutureWarning: Calling `spatial_neighbors` is deprecated and will be removed in squidpy v1.9.0. Use `spatial_neighbors_knn`, `spatial_neighbors_radius`, `spatial_neighbors_delaunay`, `spatial_neighbors_grid`, or `spatial_neighbors_from_builder` instead.
  sq.gr.spatial_neighbors(adata, n_rings=1, coord_type="grid", n_neighs=n_neighs)
INFO     Creating graph using `None` transform and `1` libraries.              
C:\Users\ASUS\Desktop\code\Python\RECOMB-27\recomb2027\src\data\preprocess.py:82: FutureWarning: Calling `spatial_neighbors` is deprecated and will be removed in squidpy v1.9.0. Use `spatial_neighbors_knn`, `spatial_neighbors_radius`, `spatial_neighbors_delaunay`, `spatial_neighbors_grid`, or `spatial_neighbors_from_builder` instead.
  sq.gr.spatial_neighbors(adata, n_rings=1, coord_type="grid", n_neighs=n_neighs)
INFO     Creating graph using `None` transform and `1` libraries.              
[ERROR] ldcm/dlpfc FAILED: TypeError: unhashable type: 'dict'
Traceback (most recent call last):
  File "C:\Users\ASUS\Desktop\code\Python\RECOMB-27\recomb2027\src\eval\run_master_rerun.py", line 162, in _run_single
    return run_standard_protocol(
           ^^^^^^^^^^^^^^^^^^^^^^
  File "C:\Users\ASUS\Desktop\code\Python\RECOMB-27\recomb2027\src\eval\standard_protocol.py", line 431, in run_standard_protocol
    dict(selection_reports_by_cfg)[best_hp] if hp_configs else []
    ^^^^^^^^^^^^^^^^^^^^^^^^^^^^^^
TypeError: unhashable type: 'dict'


========== ldcm / BREAST_CANCER ==========
C:\Users\ASUS\Desktop\code\Python\RECOMB-27\recomb2027\src\data\load_breast_cancer.py:86: FutureWarning: Use `squidpy.read.visium` instead.
  adata = sc.read_visium(dest_dir, count_file="filtered_feature_bc_matrix.h5", load_images=True)
C:\Users\ASUS\Desktop\code\Python\RECOMB-27\recomb2027\.venv\Lib\site-packages\anndata\_core\anndata.py:1884: UserWarning: Variable names are not unique. To make them unique, call `.var_names_make_unique`.
  utils.warn_names_duplicates("var")
C:\Users\ASUS\Desktop\code\Python\RECOMB-27\recomb2027\.venv\Lib\site-packages\anndata\_core\anndata.py:1884: UserWarning: Variable names are not unique. To make them unique, call `.var_names_make_unique`.
  utils.warn_names_duplicates("var")
C:\Users\ASUS\Desktop\code\Python\RECOMB-27\recomb2027\src\data\preprocess.py:82: FutureWarning: Calling `spatial_neighbors` is deprecated and will be removed in squidpy v1.9.0. Use `spatial_neighbors_knn`, `spatial_neighbors_radius`, `spatial_neighbors_delaunay`, `spatial_neighbors_grid`, or `spatial_neighbors_from_builder` instead.
  sq.gr.spatial_neighbors(adata, n_rings=1, coord_type="grid", n_neighs=n_neighs)
INFO     Creating graph using `None` transform and `1` libraries.              
C:\Users\ASUS\Desktop\code\Python\RECOMB-27\recomb2027\src\data\load_breast_cancer.py:86: FutureWarning: Use `squidpy.read.visium` instead.
  adata = sc.read_visium(dest_dir, count_file="filtered_feature_bc_matrix.h5", load_images=True)
C:\Users\ASUS\Desktop\code\Python\RECOMB-27\recomb2027\.venv\Lib\site-packages\anndata\_core\anndata.py:1884: UserWarning: Variable names are not unique. To make them unique, call `.var_names_make_unique`.
  utils.warn_names_duplicates("var")
C:\Users\ASUS\Desktop\code\Python\RECOMB-27\recomb2027\.venv\Lib\site-packages\anndata\_core\anndata.py:1884: UserWarning: Variable names are not unique. To make them unique, call `.var_names_make_unique`.
  utils.warn_names_duplicates("var")
C:\Users\ASUS\Desktop\code\Python\RECOMB-27\recomb2027\src\data\preprocess.py:82: FutureWarning: Calling `spatial_neighbors` is deprecated and will be removed in squidpy v1.9.0. Use `spatial_neighbors_knn`, `spatial_neighbors_radius`, `spatial_neighbors_delaunay`, `spatial_neighbors_grid`, or `spatial_neighbors_from_builder` instead.
  sq.gr.spatial_neighbors(adata, n_rings=1, coord_type="grid", n_neighs=n_neighs)
INFO     Creating graph using `None` transform and `1` libraries.              
C:\Users\ASUS\Desktop\code\Python\RECOMB-27\recomb2027\src\data\load_breast_cancer.py:86: FutureWarning: Use `squidpy.read.visium` instead.
  adata = sc.read_visium(dest_dir, count_file="filtered_feature_bc_matrix.h5", load_images=True)
C:\Users\ASUS\Desktop\code\Python\RECOMB-27\recomb2027\.venv\Lib\site-packages\anndata\_core\anndata.py:1884: UserWarning: Variable names are not unique. To make them unique, call `.var_names_make_unique`.
  utils.warn_names_duplicates("var")
C:\Users\ASUS\Desktop\code\Python\RECOMB-27\recomb2027\.venv\Lib\site-packages\anndata\_core\anndata.py:1884: UserWarning: Variable names are not unique. To make them unique, call `.var_names_make_unique`.
  utils.warn_names_duplicates("var")
C:\Users\ASUS\Desktop\code\Python\RECOMB-27\recomb2027\src\data\preprocess.py:82: FutureWarning: Calling `spatial_neighbors` is deprecated and will be removed in squidpy v1.9.0. Use `spatial_neighbors_knn`, `spatial_neighbors_radius`, `spatial_neighbors_delaunay`, `spatial_neighbors_grid`, or `spatial_neighbors_from_builder` instead.
  sq.gr.spatial_neighbors(adata, n_rings=1, coord_type="grid", n_neighs=n_neighs)
INFO     Creating graph using `None` transform and `1` libraries.              
C:\Users\ASUS\Desktop\code\Python\RECOMB-27\recomb2027\src\data\load_breast_cancer.py:86: FutureWarning: Use `squidpy.read.visium` instead.
  adata = sc.read_visium(dest_dir, count_file="filtered_feature_bc_matrix.h5", load_images=True)
C:\Users\ASUS\Desktop\code\Python\RECOMB-27\recomb2027\.venv\Lib\site-packages\anndata\_core\anndata.py:1884: UserWarning: Variable names are not unique. To make them unique, call `.var_names_make_unique`.
  utils.warn_names_duplicates("var")
C:\Users\ASUS\Desktop\code\Python\RECOMB-27\recomb2027\.venv\Lib\site-packages\anndata\_core\anndata.py:1884: UserWarning: Variable names are not unique. To make them unique, call `.var_names_make_unique`.
  utils.warn_names_duplicates("var")
C:\Users\ASUS\Desktop\code\Python\RECOMB-27\recomb2027\src\data\preprocess.py:82: FutureWarning: Calling `spatial_neighbors` is deprecated and will be removed in squidpy v1.9.0. Use `spatial_neighbors_knn`, `spatial_neighbors_radius`, `spatial_neighbors_delaunay`, `spatial_neighbors_grid`, or `spatial_neighbors_from_builder` instead.
  sq.gr.spatial_neighbors(adata, n_rings=1, coord_type="grid", n_neighs=n_neighs)
INFO     Creating graph using `None` transform and `1` libraries.              
C:\Users\ASUS\Desktop\code\Python\RECOMB-27\recomb2027\src\data\load_breast_cancer.py:86: FutureWarning: Use `squidpy.read.visium` instead.
  adata = sc.read_visium(dest_dir, count_file="filtered_feature_bc_matrix.h5", load_images=True)
C:\Users\ASUS\Desktop\code\Python\RECOMB-27\recomb2027\.venv\Lib\site-packages\anndata\_core\anndata.py:1884: UserWarning: Variable names are not unique. To make them unique, call `.var_names_make_unique`.
  utils.warn_names_duplicates("var")
C:\Users\ASUS\Desktop\code\Python\RECOMB-27\recomb2027\.venv\Lib\site-packages\anndata\_core\anndata.py:1884: UserWarning: Variable names are not unique. To make them unique, call `.var_names_make_unique`.
  utils.warn_names_duplicates("var")
C:\Users\ASUS\Desktop\code\Python\RECOMB-27\recomb2027\src\data\preprocess.py:82: FutureWarning: Calling `spatial_neighbors` is deprecated and will be removed in squidpy v1.9.0. Use `spatial_neighbors_knn`, `spatial_neighbors_radius`, `spatial_neighbors_delaunay`, `spatial_neighbors_grid`, or `spatial_neighbors_from_builder` instead.
  sq.gr.spatial_neighbors(adata, n_rings=1, coord_type="grid", n_neighs=n_neighs)
INFO     Creating graph using `None` transform and `1` libraries.              
C:\Users\ASUS\Desktop\code\Python\RECOMB-27\recomb2027\src\data\load_breast_cancer.py:86: FutureWarning: Use `squidpy.read.visium` instead.
  adata = sc.read_visium(dest_dir, count_file="filtered_feature_bc_matrix.h5", load_images=True)
C:\Users\ASUS\Desktop\code\Python\RECOMB-27\recomb2027\.venv\Lib\site-packages\anndata\_core\anndata.py:1884: UserWarning: Variable names are not unique. To make them unique, call `.var_names_make_unique`.
  utils.warn_names_duplicates("var")
C:\Users\ASUS\Desktop\code\Python\RECOMB-27\recomb2027\.venv\Lib\site-packages\anndata\_core\anndata.py:1884: UserWarning: Variable names are not unique. To make them unique, call `.var_names_make_unique`.
  utils.warn_names_duplicates("var")
C:\Users\ASUS\Desktop\code\Python\RECOMB-27\recomb2027\src\data\preprocess.py:82: FutureWarning: Calling `spatial_neighbors` is deprecated and will be removed in squidpy v1.9.0. Use `spatial_neighbors_knn`, `spatial_neighbors_radius`, `spatial_neighbors_delaunay`, `spatial_neighbors_grid`, or `spatial_neighbors_from_builder` instead.
  sq.gr.spatial_neighbors(adata, n_rings=1, coord_type="grid", n_neighs=n_neighs)
INFO     Creating graph using `None` transform and `1` libraries.              
C:\Users\ASUS\Desktop\code\Python\RECOMB-27\recomb2027\src\data\load_breast_cancer.py:86: FutureWarning: Use `squidpy.read.visium` instead.
  adata = sc.read_visium(dest_dir, count_file="filtered_feature_bc_matrix.h5", load_images=True)
C:\Users\ASUS\Desktop\code\Python\RECOMB-27\recomb2027\.venv\Lib\site-packages\anndata\_core\anndata.py:1884: UserWarning: Variable names are not unique. To make them unique, call `.var_names_make_unique`.
  utils.warn_names_duplicates("var")
C:\Users\ASUS\Desktop\code\Python\RECOMB-27\recomb2027\.venv\Lib\site-packages\anndata\_core\anndata.py:1884: UserWarning: Variable names are not unique. To make them unique, call `.var_names_make_unique`.
  utils.warn_names_duplicates("var")
C:\Users\ASUS\Desktop\code\Python\RECOMB-27\recomb2027\src\data\preprocess.py:82: FutureWarning: Calling `spatial_neighbors` is deprecated and will be removed in squidpy v1.9.0. Use `spatial_neighbors_knn`, `spatial_neighbors_radius`, `spatial_neighbors_delaunay`, `spatial_neighbors_grid`, or `spatial_neighbors_from_builder` instead.
  sq.gr.spatial_neighbors(adata, n_rings=1, coord_type="grid", n_neighs=n_neighs)
INFO     Creating graph using `None` transform and `1` libraries.              
C:\Users\ASUS\Desktop\code\Python\RECOMB-27\recomb2027\src\data\load_breast_cancer.py:86: FutureWarning: Use `squidpy.read.visium` instead.
  adata = sc.read_visium(dest_dir, count_file="filtered_feature_bc_matrix.h5", load_images=True)
C:\Users\ASUS\Desktop\code\Python\RECOMB-27\recomb2027\.venv\Lib\site-packages\anndata\_core\anndata.py:1884: UserWarning: Variable names are not unique. To make them unique, call `.var_names_make_unique`.
  utils.warn_names_duplicates("var")
C:\Users\ASUS\Desktop\code\Python\RECOMB-27\recomb2027\.venv\Lib\site-packages\anndata\_core\anndata.py:1884: UserWarning: Variable names are not unique. To make them unique, call `.var_names_make_unique`.
  utils.warn_names_duplicates("var")
C:\Users\ASUS\Desktop\code\Python\RECOMB-27\recomb2027\src\data\preprocess.py:82: FutureWarning: Calling `spatial_neighbors` is deprecated and will be removed in squidpy v1.9.0. Use `spatial_neighbors_knn`, `spatial_neighbors_radius`, `spatial_neighbors_delaunay`, `spatial_neighbors_grid`, or `spatial_neighbors_from_builder` instead.
  sq.gr.spatial_neighbors(adata, n_rings=1, coord_type="grid", n_neighs=n_neighs)
INFO     Creating graph using `None` transform and `1` libraries.              
C:\Users\ASUS\Desktop\code\Python\RECOMB-27\recomb2027\src\data\load_breast_cancer.py:86: FutureWarning: Use `squidpy.read.visium` instead.
  adata = sc.read_visium(dest_dir, count_file="filtered_feature_bc_matrix.h5", load_images=True)
C:\Users\ASUS\Desktop\code\Python\RECOMB-27\recomb2027\.venv\Lib\site-packages\anndata\_core\anndata.py:1884: UserWarning: Variable names are not unique. To make them unique, call `.var_names_make_unique`.
  utils.warn_names_duplicates("var")
C:\Users\ASUS\Desktop\code\Python\RECOMB-27\recomb2027\.venv\Lib\site-packages\anndata\_core\anndata.py:1884: UserWarning: Variable names are not unique. To make them unique, call `.var_names_make_unique`.
  utils.warn_names_duplicates("var")
C:\Users\ASUS\Desktop\code\Python\RECOMB-27\recomb2027\src\data\preprocess.py:82: FutureWarning: Calling `spatial_neighbors` is deprecated and will be removed in squidpy v1.9.0. Use `spatial_neighbors_knn`, `spatial_neighbors_radius`, `spatial_neighbors_delaunay`, `spatial_neighbors_grid`, or `spatial_neighbors_from_builder` instead.
  sq.gr.spatial_neighbors(adata, n_rings=1, coord_type="grid", n_neighs=n_neighs)
INFO     Creating graph using `None` transform and `1` libraries.              
C:\Users\ASUS\Desktop\code\Python\RECOMB-27\recomb2027\src\data\load_breast_cancer.py:86: FutureWarning: Use `squidpy.read.visium` instead.
  adata = sc.read_visium(dest_dir, count_file="filtered_feature_bc_matrix.h5", load_images=True)
C:\Users\ASUS\Desktop\code\Python\RECOMB-27\recomb2027\.venv\Lib\site-packages\anndata\_core\anndata.py:1884: UserWarning: Variable names are not unique. To make them unique, call `.var_names_make_unique`.
  utils.warn_names_duplicates("var")
C:\Users\ASUS\Desktop\code\Python\RECOMB-27\recomb2027\.venv\Lib\site-packages\anndata\_core\anndata.py:1884: UserWarning: Variable names are not unique. To make them unique, call `.var_names_make_unique`.
  utils.warn_names_duplicates("var")
C:\Users\ASUS\Desktop\code\Python\RECOMB-27\recomb2027\src\data\preprocess.py:82: FutureWarning: Calling `spatial_neighbors` is deprecated and will be removed in squidpy v1.9.0. Use `spatial_neighbors_knn`, `spatial_neighbors_radius`, `spatial_neighbors_delaunay`, `spatial_neighbors_grid`, or `spatial_neighbors_from_builder` instead.
  sq.gr.spatial_neighbors(adata, n_rings=1, coord_type="grid", n_neighs=n_neighs)
INFO     Creating graph using `None` transform and `1` libraries.              
C:\Users\ASUS\Desktop\code\Python\RECOMB-27\recomb2027\src\data\load_breast_cancer.py:86: FutureWarning: Use `squidpy.read.visium` instead.
  adata = sc.read_visium(dest_dir, count_file="filtered_feature_bc_matrix.h5", load_images=True)
C:\Users\ASUS\Desktop\code\Python\RECOMB-27\recomb2027\.venv\Lib\site-packages\anndata\_core\anndata.py:1884: UserWarning: Variable names are not unique. To make them unique, call `.var_names_make_unique`.
  utils.warn_names_duplicates("var")
C:\Users\ASUS\Desktop\code\Python\RECOMB-27\recomb2027\.venv\Lib\site-packages\anndata\_core\anndata.py:1884: UserWarning: Variable names are not unique. To make them unique, call `.var_names_make_unique`.
  utils.warn_names_duplicates("var")
C:\Users\ASUS\Desktop\code\Python\RECOMB-27\recomb2027\src\data\preprocess.py:82: FutureWarning: Calling `spatial_neighbors` is deprecated and will be removed in squidpy v1.9.0. Use `spatial_neighbors_knn`, `spatial_neighbors_radius`, `spatial_neighbors_delaunay`, `spatial_neighbors_grid`, or `spatial_neighbors_from_builder` instead.
  sq.gr.spatial_neighbors(adata, n_rings=1, coord_type="grid", n_neighs=n_neighs)
INFO     Creating graph using `None` transform and `1` libraries.              
C:\Users\ASUS\Desktop\code\Python\RECOMB-27\recomb2027\src\data\load_breast_cancer.py:86: FutureWarning: Use `squidpy.read.visium` instead.
  adata = sc.read_visium(dest_dir, count_file="filtered_feature_bc_matrix.h5", load_images=True)
C:\Users\ASUS\Desktop\code\Python\RECOMB-27\recomb2027\.venv\Lib\site-packages\anndata\_core\anndata.py:1884: UserWarning: Variable names are not unique. To make them unique, call `.var_names_make_unique`.
  utils.warn_names_duplicates("var")
C:\Users\ASUS\Desktop\code\Python\RECOMB-27\recomb2027\.venv\Lib\site-packages\anndata\_core\anndata.py:1884: UserWarning: Variable names are not unique. To make them unique, call `.var_names_make_unique`.
  utils.warn_names_duplicates("var")
C:\Users\ASUS\Desktop\code\Python\RECOMB-27\recomb2027\src\data\preprocess.py:82: FutureWarning: Calling `spatial_neighbors` is deprecated and will be removed in squidpy v1.9.0. Use `spatial_neighbors_knn`, `spatial_neighbors_radius`, `spatial_neighbors_delaunay`, `spatial_neighbors_grid`, or `spatial_neighbors_from_builder` instead.
  sq.gr.spatial_neighbors(adata, n_rings=1, coord_type="grid", n_neighs=n_neighs)
INFO     Creating graph using `None` transform and `1` libraries.              
[ERROR] ldcm/breast_cancer FAILED: TypeError: unhashable type: 'dict'
Traceback (most recent call last):
  File "C:\Users\ASUS\Desktop\code\Python\RECOMB-27\recomb2027\src\eval\run_master_rerun.py", line 162, in _run_single
    return run_standard_protocol(
           ^^^^^^^^^^^^^^^^^^^^^^
  File "C:\Users\ASUS\Desktop\code\Python\RECOMB-27\recomb2027\src\eval\standard_protocol.py", line 431, in run_standard_protocol
    dict(selection_reports_by_cfg)[best_hp] if hp_configs else []
    ^^^^^^^^^^^^^^^^^^^^^^^^^^^^^^
TypeError: unhashable type: 'dict'
Wrote C:\Users\ASUS\Desktop\code\Python\RECOMB-27\recomb2027\outputs\logs\master_results_table.md
Content lines: 4
[warn] final build_master_table failed: 'charmap' codec can't encode character '\u2705' in position 0: character maps to <undefined>

=== Master Rerun complete ===
