C:\Users\ASUS\Desktop\code\Python\RECOMB-27\recomb2027\.venv\Lib\site-packages\docrep\decorators.py:43: SyntaxWarning: 'n_jobs' is not a valid key!
  doc = func(self, args[0].__doc__, *args[1:], **kwargs)
C:\Users\ASUS\Desktop\code\Python\RECOMB-27\recomb2027\.venv\Lib\site-packages\docrep\decorators.py:43: SyntaxWarning: 'show_progress_bar' is not a valid key!
  doc = func(self, args[0].__doc__, *args[1:], **kwargs)
C:\Users\ASUS\Desktop\code\Python\RECOMB-27\recomb2027\src\data\preprocess.py:68: FutureWarning: Calling `spatial_neighbors` is deprecated and will be removed in squidpy v1.9.0. Use `spatial_neighbors_knn`, `spatial_neighbors_radius`, `spatial_neighbors_delaunay`, `spatial_neighbors_grid`, or `spatial_neighbors_from_builder` instead.
  sq.gr.spatial_neighbors(adata, n_rings=1, coord_type="grid", n_neighs=n_neighs)
sample         baseline (mean+/-std)   ordinal-only (mean+/-std)    delta
-------------------------------------------------------------------------
INFO     Creating graph using `None` transform and `1` libraries.              
C:\Users\ASUS\Desktop\code\Python\RECOMB-27\recomb2027\src\models\memory_layer.py:245: UserWarning: Sparse invariant checks are implicitly disabled. Memory errors (e.g. SEGFAULT) will occur when operating on a sparse tensor which violates the invariants, but checks incur performance overhead. To silence this warning, explicitly opt in or out. See `torch.sparse.check_sparse_tensor_invariants.__doc__` for guidance.  (Triggered internally at C:\actions-runner\_work\pytorch\pytorch\pytorch\aten\src\ATen\Context.cpp:767.)
  sparse = torch.sparse_coo_tensor(indices, values, result.shape).coalesce()
151507                0.4661 +/-0.0437              0.5258 +/-0.0611   0.0597
C:\Users\ASUS\Desktop\code\Python\RECOMB-27\recomb2027\src\data\preprocess.py:68: FutureWarning: Calling `spatial_neighbors` is deprecated and will be removed in squidpy v1.9.0. Use `spatial_neighbors_knn`, `spatial_neighbors_radius`, `spatial_neighbors_delaunay`, `spatial_neighbors_grid`, or `spatial_neighbors_from_builder` instead.
  sq.gr.spatial_neighbors(adata, n_rings=1, coord_type="grid", n_neighs=n_neighs)
INFO     Creating graph using `None` transform and `1` libraries.              
151669                0.5875 +/-0.0809              0.5269 +/-0.0861  -0.0606
C:\Users\ASUS\Desktop\code\Python\RECOMB-27\recomb2027\src\data\preprocess.py:68: FutureWarning: Calling `spatial_neighbors` is deprecated and will be removed in squidpy v1.9.0. Use `spatial_neighbors_knn`, `spatial_neighbors_radius`, `spatial_neighbors_delaunay`, `spatial_neighbors_grid`, or `spatial_neighbors_from_builder` instead.
  sq.gr.spatial_neighbors(adata, n_rings=1, coord_type="grid", n_neighs=n_neighs)
INFO     Creating graph using `None` transform and `1` libraries.              
151673                0.5288 +/-0.0535              0.6097 +/-0.0503   0.0809
C:\Users\ASUS\Desktop\code\Python\RECOMB-27\recomb2027\src\data\preprocess.py:68: FutureWarning: Calling `spatial_neighbors` is deprecated and will be removed in squidpy v1.9.0. Use `spatial_neighbors_knn`, `spatial_neighbors_radius`, `spatial_neighbors_delaunay`, `spatial_neighbors_grid`, or `spatial_neighbors_from_builder` instead.
  sq.gr.spatial_neighbors(adata, n_rings=1, coord_type="grid", n_neighs=n_neighs)
INFO     Creating graph using `None` transform and `1` libraries.              
151674                0.4679 +/-0.0398              0.4866 +/-0.0532   0.0188

mean delta = +0.0247   ordinal-only better on 3/4 slices
Saved C:\Users\ASUS\Desktop\code\Python\RECOMB-27\recomb2027\outputs\logs\ordinal_only_check.json
